C251 COMPILER V5.60.0,  ADC                                                                29/04/26  14:50:09  PAGE 1   


C251 COMPILER V5.60.0, COMPILATION OF MODULE ADC
OBJECT MODULE PLACED IN .\out_file\ADC.obj
COMPILER INVOKED BY: D:\Software\Keil5\C251\BIN\C251.EXE ..\code\ADC.c LARGE FLOAT64 ROM(HUGE) WARNINGLEVEL(3) OPTIMIZE(
                    -0,SIZE) BROWSE INCDIR(..\..\libraries\zf_common;..\..\libraries\zf_components;..\..\libraries\zf_device;..\..\libraries\
                    -zf_driver;..\user;..\code;..\..\libraries\zf_components\stc32g_usb_lib;..\..\libraries\zf_components\seekfree_assistant)
                    - DEBUG PRINT(.\out_file\ADC.lst) OBJECT(.\out_file\ADC.obj) 

stmt  level    source

    1          #include "bsp_system.h"
    2          
    3          // ADC para Control Area//
    4          
    5          #define CHANNEL_NUMBER (4)
    6          #define ADC_CHANNEL1 (ADC2_CH3_P03)
    7          #define ADC_CHANNEL2 (ADC2_CH6_P06)
    8          #define ADC_CHANNEL3 (ADC2_CH7_P07)
    9          #define ADC_CHANNEL4 (ADC2_CH5_P05)
   10          
   11          float L = 0, LM = 0, RM = 0, R = 0;
   12          float ADC_temp[4] = {0};
   13          
   14          // ADC para Control Area//
   15          uint8 channel_index = 0;
   16          adc_channel_enum channel_list[CHANNEL_NUMBER] =
   17                  {
   18                          ADC_CHANNEL1,
   19                          ADC_CHANNEL2,
   20                          ADC_CHANNEL3,
   21                          ADC_CHANNEL4};
   22          void my_ADC_Init(void)
   23          {
   24   1              adc_init(ADC_CHANNEL1, ADC_10BIT); // 初始化对应 ADC 通道为对应精度
   25   1              adc_init(ADC_CHANNEL2, ADC_10BIT); // 初始化对应 ADC 通道为对应精度
   26   1              adc_init(ADC_CHANNEL3, ADC_10BIT); // 初始化对应 ADC 通道为对应精度
   27   1              adc_init(ADC_CHANNEL4, ADC_10BIT); // 初始化对应 ADC 通道为对应精度
   28   1      }
   29          /************电磁采样************/
   30          // 以下代码均为ADC采样滤波算法//
   31          uint16 adc_sample(adc_channel_enum ch)
   32          {
   33   1              uint16 temp, sum = 0;
   34   1              uint16 max, min;
   35   1              uint8 i;
   36   1      
   37   1              temp = adc_convert(ch);
   38   1              max = temp;
   39   1              min = temp;
   40   1              sum += temp;
   41   1      
   42   1              for (i = 0; i < 10; i++)
   43   1              {
   44   2                      temp = adc_convert(ch);
   45   2                      if (max < temp)
   46   2                      {
   47   3                              max = temp;
   48   3                      }
   49   2                      if (min > temp)
   50   2                      {
   51   3                              min = temp;
   52   3                      }
   53   2                      sum += temp;
   54   2              }
   55   1      
   56   1              temp = (sum - max - min) / (11 - 2);
C251 COMPILER V5.60.0,  ADC                                                                29/04/26  14:50:09  PAGE 2   

   57   1      
   58   1              return temp;
   59   1      }
   60          
   61          uint16 adc_sample_b(adc_channel_enum ch)
   62          {
   63   1              uint16 temp, sum = 0;
   64   1              uint16 max, min;
   65   1              uint8 i;
   66   1      
   67   1              temp = adc_mid_sample(ch);
   68   1              max = temp;
   69   1              min = temp;
   70   1              sum += temp;
   71   1      
   72   1              for (i = 1; i <= 7; i++)
   73   1              {
   74   2                      temp = adc_mid_sample(ch);
   75   2                      if (max < temp)
   76   2                      {
   77   3                              max = temp;
   78   3                      }
   79   2                      if (min > temp)
   80   2                      {
   81   3                              min = temp;
   82   3                      }
   83   2                      sum += temp;
   84   2              }
   85   1      
   86   1              temp = (sum - max - min) / (8 - 2);
   87   1      
   88   1              return temp;
   89   1      }
   90          
   91          uint16 adc_sample_a(adc_channel_enum ch)
   92          {
   93   1              uint8 i;
   94   1              uint16 arr[7];
   95   1      
   96   1              for (i = 0; i < ADC_Sample_Num; i++)
   97   1              {
   98   2                      arr[i] = adc_convert(ch);
   99   2              }
  100   1      
  101   1              arr[0] = sort_seven(arr);
  102   1              return arr[0];
  103   1      }
  104          
  105          uint16 adc_mid_sample(adc_channel_enum ch) // 三次取中值
  106          {
  107   1              uint16 i, j, k, tmp;
  108   1              // sample 3 times
  109   1              i = adc_convert(ch);
  110   1              j = adc_convert(ch);
  111   1              k = adc_convert(ch);
  112   1              //  select mid value
  113   1              if (i > j)
  114   1              {
  115   2                      tmp = i;
  116   2                      i = j;
  117   2                      j = tmp;
  118   2              }
  119   1              if (k > j)
  120   1              {
  121   2                      tmp = j;
  122   2              }
C251 COMPILER V5.60.0,  ADC                                                                29/04/26  14:50:09  PAGE 3   

  123   1              else if (k > i)
  124   1              {
  125   2                      tmp = k;
  126   2              }
  127   1              else
  128   1              {
  129   2                      tmp = i;
  130   2              }
  131   1              return tmp;
  132   1      }
  133          
  134          void siai_adc_all_sample(void)
  135          {
  136   1              ADC_temp[0] = adc_sample(ADC_CHANNEL1);
  137   1              ADC_temp[1] = adc_sample(ADC_CHANNEL2);
  138   1              ADC_temp[2] = adc_sample(ADC_CHANNEL3);
  139   1              ADC_temp[3] = adc_sample(ADC_CHANNEL4);
  140   1      }
  141          // 归一化
  142          void adc_normalizing(void)
  143          {
  144   1              // 归一化
  145   1              //      L  = 100*(ADC_temp[0]-0)/(600-0);
  146   1              //  LM = 100*(ADC_temp[1]-0)/(600-0);
  147   1              //      M  = 100*(ADC_temp[2]-0)/(600-0);
  148   1              //  RM = 100*(ADC_temp[3]-0)/(600-0);
  149   1              //      R  = 100*(ADC_temp[4]-0)/(600-0);
  150   1              
  151   1              L = Adc_Normalize(ADC_temp[0], 18, 1023);
  152   1              LM = Adc_Normalize(ADC_temp[1], 18, 1023);
  153   1              // M  = 100*(ADC_temp[1]-0)/(600-0);
  154   1              RM = Adc_Normalize(ADC_temp[2], 20, 1023);
  155   1              R = Adc_Normalize(ADC_temp[3], 31, 1023);
  156   1      
  157   1      //      // 输入限幅
  158   1      //      if (L > 100)
  159   1      //      {
  160   1      //              L = 100;
  161   1      //      }
  162   1      //      if (LM > 100)
  163   1      //      {
  164   1      //              LM = 100;
  165   1      //      }
  166   1      //      // if (M > 100)
  167   1      //      // {
  168   1      //      // M = 100;
  169   1      //      // }
  170   1      //      if (RM > 100)
  171   1      //      {
  172   1      //              RM = 100;
  173   1      //      }
  174   1      //      if (R > 100)
  175   1      //      {
  176   1      //              R = 100;
  177   1      //      }
  178   1       }
  179          // 电压采集//
  180          // 以下电压采集权重需要根据实际情况进行评估//
  181          float adc_v_sample(float v_next)
  182          {
  183   1              static float v, last_v = 0;
  184   1              v = v_next;
  185   1              v = v * 0.014648 * 4;
  186   1      
  187   1              v = 0.1 * v + 0.90 * last_v;
  188   1              last_v = v;
C251 COMPILER V5.60.0,  ADC                                                                29/04/26  14:50:09  PAGE 4   

  189   1      
  190   1              return v;
  191   1      }
  192          
  193          float adc_v_sample_2(float v_next)
  194          {
  195   1              static float v, last_v = 0;
  196   1              v = v_next;
  197   1              v = v * 0.038671;
  198   1      
  199   1              v = 0.5 * v + 0.5 * last_v;
  200   1              last_v = v;
  201   1      
  202   1              return v;
  203   1      }
  204          
  205          float adc_v_sample_3(float v_next)
  206          {
  207   1              static float v, last_v = 0;
  208   1              v = v_next;
  209   1              v = v * 0.038671;
  210   1      
  211   1              v = 0.1 * v + 0.9 * last_v;
  212   1              last_v = v;
  213   1      
  214   1              return v;
  215   1      }
  216          
  217          float adc_v_sample_4(float v_next)
  218          {
  219   1              static float v, last_v = 0;
  220   1      
  221   1              v = v_next;
  222   1      
  223   1              v = v * 0.038671;
  224   1      
  225   1              v = 0.05 * v + 0.95 * last_v;
  226   1              last_v = v;
  227   1      
  228   1              return v;
  229   1      }
  230          void debug_adc(void)
  231          {
  232   1              for (channel_index = 0; channel_index < CHANNEL_NUMBER; channel_index++)
  233   1              {
  234   2                      printf(
  235   2                              "ADC channel %d convert data is %d.\r\n",
  236   2                              channel_index + 1,
  237   2                              adc_convert(channel_list[channel_index])); // 循环输出单次转换结果
  238   2              }
  239   1              system_delay_ms(500);
  240   1      
  241   1              for (channel_index = 0; channel_index < CHANNEL_NUMBER; channel_index++)
  242   1              {
  243   2                      printf(
  244   2                              "ADC channel %d mean filter convert data is %d.\r\n",
  245   2                              channel_index + 1,
  246   2                              adc_mean_filter_convert(channel_list[channel_index], 10)); // 循环输出 10 次均值滤波转换结果
  247   2              }
  248   1              system_delay_ms(500);
  249   1      }


Module Information          Static   Overlayable
------------------------------------------------
  code size            =    ------     ------
  ecode size           =      2322     ------
C251 COMPILER V5.60.0,  ADC                                                                29/04/26  14:50:09  PAGE 5   

  data size            =    ------     ------
  idata size           =    ------     ------
  pdata size           =    ------     ------
  xdata size           =       138     ------
  xdata-const size     =    ------     ------
  edata size           =    ------     ------
  bit size             =    ------     ------
  ebit size            =    ------     ------
  bitaddressable size  =    ------     ------
  ebitaddressable size =    ------     ------
  far data size        =    ------     ------
  huge data size       =    ------     ------
  const size           =    ------     ------
  hconst size          =       198     ------
End of Module Information.


C251 COMPILATION COMPLETE.  0 WARNING(S),  0 ERROR(S)
