C251 COMPILER V5.60.0,  key                                                                01/04/26  17:11:06  PAGE 1   


C251 COMPILER V5.60.0, COMPILATION OF MODULE key
OBJECT MODULE PLACED IN .\out_file\key.obj
COMPILER INVOKED BY: D:\Keil5\C251\BIN\C251.EXE ..\code\key.c LARGE FLOAT64 ROM(HUGE) WARNINGLEVEL(3) OPTIMIZE(0,SIZE) B
                    -ROWSE INCDIR(..\..\libraries\zf_common;..\..\libraries\zf_components;..\..\libraries\zf_device;..\..\libraries\zf_driver
                    -;..\user;..\code;..\..\libraries\zf_components\stc32g_usb_lib;..\..\libraries\zf_components\seekfree_assistant) DEBUG PR
                    -INT(.\out_file\key.lst) OBJECT(.\out_file\key.obj) 

stmt  level    source

    1          #include "bsp_system.h"
    2          #define KEY1_PIN        IO_P93
    3          //#define KEY2_PIN        IO_PB3
    4          //#define KEY3_PIN        IO_PB4
    5          //#define KEY4_PIN        IO_P32
    6          
    7          //#define SWITCH1_PIN     IO_PB0
    8          //#define SWITCH2_PIN     IO_PB1
    9          int8 key1_status = 1;
   10          uint8 key2_status = 1;
   11          uint8 key3_status = 1;
   12          uint8 key4_status = 1;
   13          
   14          // 上一次开关状态变量
   15          uint8 key1_last_status;
   16          uint8 key2_last_status;
   17          uint8 key3_last_status;
   18          uint8 key4_last_status;
   19          
   20          // 开关标志位
   21          uint8 key1_flag;
   22          uint8 key2_flag;
   23          uint8 key3_flag;
   24          uint8 key4_flag;
   25          
   26          uint8 test1=0;
   27          
   28          void Key_Init(void)
   29          {
   30   1              gpio_init(KEY1_PIN,GPI,1,GPI_PULL_UP);
   31   1              
   32   1      }
   33          void Key_Case(void)
   34          {
   35   1              key1_last_status = key1_status;
   36   1              key1_status = gpio_get_level(KEY1_PIN);
   37   1              if(key1_status && !key1_last_status)    
   38   1              {
   39   2                      key1_flag = 1;
   40   2              }
   41   1              if(key1_flag)   
   42   1              {       
   43   2                              Motor_L(2000);
   44   2                              //Motor_R(1000);
   45   2                  key1_flag = 0;//使用按键之后，应该清除标志位
   46   2                              test1++;
   47   2              }
   48   1      
   49   1      
   50   1      }


Module Information          Static   Overlayable
------------------------------------------------
  code size            =    ------     ------
  ecode size           =        95     ------
  data size            =    ------     ------
C251 COMPILER V5.60.0,  key                                                                01/04/26  17:11:06  PAGE 2   

  idata size           =    ------     ------
  pdata size           =    ------     ------
  xdata size           =        13     ------
  xdata-const size     =    ------     ------
  edata size           =    ------     ------
  bit size             =    ------     ------
  ebit size            =    ------     ------
  bitaddressable size  =    ------     ------
  ebitaddressable size =    ------     ------
  far data size        =    ------     ------
  huge data size       =    ------     ------
  const size           =    ------     ------
  hconst size          =        30     ------
End of Module Information.


C251 COMPILATION COMPLETE.  0 WARNING(S),  0 ERROR(S)
