C251 COMPILER V5.60.0,  Logic                                                              30/04/26  21:12:21  PAGE 1   


C251 COMPILER V5.60.0, COMPILATION OF MODULE Logic
OBJECT MODULE PLACED IN .\out_file\Logic.obj
COMPILER INVOKED BY: D:\Software\Keil5\C251\BIN\C251.EXE ..\code\Logic.c LARGE FLOAT64 ROM(HUGE) WARNINGLEVEL(3) OPTIMIZ
                    -E(0,SIZE) BROWSE INCDIR(..\..\libraries\zf_common;..\..\libraries\zf_components;..\..\libraries\zf_device;..\..\librarie
                    -s\zf_driver;..\user;..\code;..\..\libraries\zf_components\stc32g_usb_lib;..\..\libraries\zf_components\seekfree_assistan
                    -t) DEBUG PRINT(.\out_file\Logic.lst) OBJECT(.\out_file\Logic.obj) 

stmt  level    source

    1          #include "bsp_system.h"
    2          
    3          float err_position = 0;
    4          // 转向系数//
    5          float Small_t = 0.8;
    6          float Large_t = 1;
    7          float angle_L_t = 1.2;
    8          // 转向系数//
    9          
   10          //
   11          float deviation = 0;
   12          float A_Deviation = 1;
   13          float B_Deviation = 1;
   14          float C_Deviation = 1;
   15          //
   16          uint8 standby = 0;
   17          void Electromagnetic_Logic()
   18          {
   19   1      
   20   1          siai_adc_all_sample();
   21   1          adc_normalizing();
   22   1          deviation_calculation();
   23   1          err_position = L - R;
   24   1          //     // 动态权重系数k（基于中间传感器M的值）
   25   1          //    if(M>b){k=0.8;}// 强信号区域，重视中间传感器
   26   1          //    else if(M<a){k=0.2;}// 弱信号区域，重视两侧传感器
   27   1          //    else{k = c*M+d+0.2;}// 线性过渡区域，动态调整权重
   28   1      
   29   1          //    A_Electro = K_*(R-L);// 基础差分项
   30   1          //    B_Electro = (1-k)*B_*(RM - LM);// 根据k调整RM和LM的权重
   31   1          //    C_Electro = (1-k)*C_*LRM_fabs;//对称性调整
   32   1          //    all_Electro = (L+R) + D_*M + C_Electro;// 综合考虑总信号强度和差分调整
   33   1          //    if(all_Electro<250){all_Electro=250;} // 防止除数
   34   1      
   35   1          //    err_Electro = A_ * ( A_Electro + B_Electro ) / (all_Electro);// 最终误差计算
   36   1      }
   37          void Module_Init()
   38          {
   39   1          // 此处编写模块初始化代码 例如外设初始化代码等
   40   1          seekfree_assistant_init(); // 初始化逐飞助手上位机
   41   1          // Wifi_Init();
   42   1          tft180_init(); // 初始化 TFT180 液晶显示屏
   43   1          Motor_Init();  // 初始化电机控制模块
   44   1          Key_Init();    // 初始化按键输入模块
   45   1          ENC_Init();    // 初始化编码器模块
   46   1          IMU_Init();    // 初始化陀螺仪模块
   47   1          my_ADC_Init();
   48   1      
   49   1          // 此处编写其他需要初始化的模块代码
   50   1      }
   51          /**
   52           * @brief 限幅保护函数
   53           */
   54          double range_protect(double duty, double min, double max)
   55          {
   56   1          return duty >= max ? max : (duty <= min ? min : duty);
C251 COMPILER V5.60.0,  Logic                                                              30/04/26  21:12:21  PAGE 2   

   57   1      }
   58          
   59          /**
   60           * @brief 归一化函数，将输入值映射到 1 ~ 100 范围
   61           * @param value 输入初始电感值（此时为整型）
   62           * @return double 归一化后的值（1 ~ 100）
   63           */
   64          double Adc_Normalize(int value, double min, double max)
   65          {
   66   1          double normalized = 0;
   67   1      
   68   1          // 计算归一化值
   69   1          normalized = (double)(value - min) / (max - min) * 100.0f;
   70   1          // 限幅保护，确保返回值在 1 ~ 100 范围内
   71   1          normalized = range_protect(normalized, 1.0, 100.0);
   72   1      
   73   1          return normalized;
   74   1      }
   75          void deviation_calculation()
   76          {
   77   1          deviation = (A_Deviation * (L - R) + B_Deviation * (RM - LM)) / (A_Deviation * (L + R) + C_Deviation 
             -* fabs(LM - RM)) * 100;
   78   1          // 此处编写偏差计算代码 例如循迹误差计算等
   79   1      }
   80          void Task_Run()
   81          {
   82   1      
   83   1          // 此处编写需要循环执行的代码 例如任务调度等
   84   1          switch (standby)
   85   1          {
   86   2          case 0:
   87   2              standby = null_drift_calculate(); // 零漂解算
   88   2              break;
   89   2          case 1: // 循迹运行//
   90   2              speed_target = 10;
   91   2              if (deviation < -25)
   92   2              {
   93   3                  standby = 2;
   94   3              }
   95   2              else
   96   2              {
   97   3                  if (expect_gyro > 0)
   98   3                  {
   99   4      
  100   4                      // loop_speed_LR( (Small_t * expect_gyro)/2, (Large_t * expect_gyro)/2);
  101   4                      loop_speed_LR(expect_gyro, -expect_gyro);
  102   4                      // Motor_L(expect_gyro* Large_t);
  103   4                      // Motor_R(expect_gyro*Small_t);
  104   4                  }
  105   3                  else if (expect_gyro < 0)
  106   3                  {
  107   4      
  108   4                      loop_speed_LR(-expect_gyro, expect_gyro);
  109   4                      // loop_speed_LR((Large_t * -expect_gyro)/2, (Small_t * -expect_gyro)/2);
  110   4      
  111   4                      // Motor_R(expect_gyro* Large_t);
  112   4                  }
  113   3              }
  114   2      
  115   2              Motor_L(out_L);
  116   2              Motor_R(out_R);
  117   2              break;
  118   2          case 2: // 直角转弯//
  119   2      
  120   2              loop_speed_LR((Small_t * expect_gyro) / 2, (angle_L_t * expect_gyro));
  121   2      
C251 COMPILER V5.60.0,  Logic                                                              30/04/26  21:12:21  PAGE 3   

  122   2              if (deviation > 20)
  123   2              {
  124   3                  standby = 1;
  125   3              }
  126   2              Motor_L(out_L);
  127   2              Motor_R(out_R);
  128   2              break;
  129   2          // 此处编写其他需要循环执行的代码 例如任务调度等
  130   2          default:
  131   2              break;
  132   2          }
  133   1      
  134   1          // 此处编写其他需要循环执行的代码
  135   1      }
  136          
  137          // 跑出赛道保护//
  138          void Run_Out_Protect()
  139          {
  140   1          if (L + LM + RM + R < 20)
  141   1          {
  142   2              Motor_R(0);
  143   2              Motor_L(0);
  144   2          }
  145   1      }
  146          // 跑出赛道保护//


Module Information          Static   Overlayable
------------------------------------------------
  code size            =    ------     ------
  ecode size           =      1179     ------
  data size            =    ------     ------
  idata size           =    ------     ------
  pdata size           =    ------     ------
  xdata size           =        83     ------
  xdata-const size     =    ------     ------
  edata size           =    ------     ------
  bit size             =    ------     ------
  ebit size            =    ------     ------
  bitaddressable size  =    ------     ------
  ebitaddressable size =    ------     ------
  far data size        =    ------     ------
  huge data size       =    ------     ------
  const size           =    ------     ------
  hconst size          =        78     ------
End of Module Information.


C251 COMPILATION COMPLETE.  0 WARNING(S),  0 ERROR(S)
