C251 COMPILER V5.60.0,  main                                                               12/03/26  20:08:31  PAGE 1   


C251 COMPILER V5.60.0, COMPILATION OF MODULE main
OBJECT MODULE PLACED IN .\out_file\main.obj
COMPILER INVOKED BY: D:\Keil5\C251\BIN\C251.EXE ..\user\main.c LARGE FLOAT64 ROM(HUGE) WARNINGLEVEL(3) OPTIMIZE(0,SIZE) 
                    -BROWSE INCDIR(..\..\libraries\zf_common;..\..\libraries\zf_components;..\..\libraries\zf_device;..\..\libraries\zf_drive
                    -r;..\user;..\code;..\..\libraries\zf_components\stc32g_usb_lib;..\..\libraries\zf_components\seekfree_assistant) DEBUG P
                    -RINT(.\out_file\main.lst) OBJECT(.\out_file\main.obj) 

stmt  level    source

    1          /********************************************************************************************************
             -*************
    2           * STC32G144K Opensourec Library 即（STC32G144K 开源库）是一个基于官方 SDK 接口的第三方开源库
    3           * Copyright (c) 2025 SEEKFREE 逐飞科技
    4           *
    5           * 本文件是STC32G144K开源库的一部分
    6           *
    7           * STC32G144K 开源库 是免费软件
    8           * 您可以根据自由软件基金会发布的 GPL（GNU General Public License，即 GNU通用公共许可证）的条款
    9           * 即 GPL 的第3版（即 GPL3.0）或（您选择的）任何后来的版本，重新发布和/或修改它
   10           *
   11           * 本开源库的发布是希望它能发挥作用，但并未对其作任何的保证
   12           * 甚至没有隐含的适销性或适合特定用途的保证
   13           * 更多细节请参见 GPL
   14           *
   15           * 您应该在收到本开源库的同时收到一份 GPL 的副本
   16           * 如果没有，请参阅<https://www.gnu.org/licenses/>
   17           *
   18           * 额外注明：
   19           * 本开源库使用 GPL3.0 开源许可证协议 以上许可申明为译文版本
   20           * 许可申明英文版在 libraries/doc 文件夹下的 GPL3_permission_statement.txt 文件中
   21           * 许可证副本在 libraries 文件夹下 即该文件夹下的 LICENSE 文件
   22           * 欢迎各位使用并传播本程序 但修改内容时必须保留逐飞科技的版权声明（即本声明）
   23           *
   24           * 文件名称
   25           * 公司名称          成都逐飞科技有限公司
   26           * 版本信息          查看 libraries/doc 文件夹内 version 文件 版本说明
   27           * 开发环境          MDK FOR C251
   28           * 适用平台          STC32G144K
   29           * 店铺链接          https://seekfree.taobao.com/
   30           *
   31           * 修改记录
   32           * 日期              作者           备注
   33           * 2025-11-20        大W            first version
   34           ********************************************************************************************************
             -************/
   35          #include "zf_common_headfile.h"
   36          #include "PD_ENC_SDI.h"
   37          #include "var.h"
   38          
   39          #define CHANNEL_NUMBER          (3)
   40          #define ADC_CHANNEL1            ( ADC2_CH5_P05 )
   41          #define ADC_CHANNEL2            ( ADC2_CH6_P06 )
   42          #define ADC_CHANNEL3            ( ADC2_CH7_P07 )
   43          
   44          // #define ADC_CHANNEL1            ( ADC2_CH0_P00 )
   45          // #define ADC_CHANNEL2            ( ADC2_CH1_P01 )
   46          // #define ADC_CHANNEL3            ( ADC2_CH2_P02 )
   47          
   48          uint8 channel_index = 0;
   49          adc_channel_enum channel_list[CHANNEL_NUMBER] =
   50          {
   51              ADC_CHANNEL1, 
   52              ADC_CHANNEL2, 
   53              ADC_CHANNEL3, 
   54          };
C251 COMPILER V5.60.0,  main                                                               12/03/26  20:08:31  PAGE 2   

   55          
   56          
   57          void pit_hanlder (void)
   58          {
   59   1          imu660rb_get_acc();                                                         // 获取 IMU660RB 的加速度
             -测量数值
   60   1          imu660rb_get_gyro();                                                        // 获取 IMU660RB 的角速度
             -测量数值
   61   1      }
   62          
   63          // 陀螺仪型号为IMU963RA 因兼容性改为IMU660RB//
   64          void main(void)
   65          {
   66   1      
   67   1          clock_init(SYSTEM_CLOCK_96M); // 时钟配置及系统初始化<务必保留>
   68   1          debug_init();                 // 调试串口信息初始化
   69   1          imu660rb_init();
   70   1          // // 此处编写用户代码 例如外设初始化代码等
   71   1          tim0_irq_handler = pit_hanlder;
   72   1          pit_ms_init(TIM0_PIT, 5,pit_hanlder);
   73   1      
   74   1          adc_init(ADC_CHANNEL1, ADC_12BIT);          // 初始化对应 ADC 通道为对应精度
   75   1          adc_init(ADC_CHANNEL2, ADC_12BIT);          // 初始化对应 ADC 通道为对应精度
   76   1          adc_init(ADC_CHANNEL3, ADC_12BIT);          // 初始化对应 ADC 通道为对应精度
   77   1              printf("Success!");
   78   1          while(1)
   79   1          {
   80   2              // 此处编写需要循环执行的代码
   81   2              // printf("\r\nIMU660RB gyro data:  x=%5d, y=%5d, z=%5d\r\n", imu660rb_gyro_x, imu660rb_gyro_y, i
             -mu660rb_gyro_z);
   82   2                      // printf("\r\nIMU660RB acc data:  x=%5d, y=%5d, z=%5d\r\n", imu660rb_acc_x, imu660rb_acc_y, imu660rb_a
             -cc_z);
   83   2              // system_delay_ms(1000);
   84   2      
   85   2              for(channel_index = 0; channel_index < CHANNEL_NUMBER; channel_index ++)
   86   2              {
   87   3                  printf(
   88   3                      "ADC channel %d convert data is %d.\r\n",
   89   3                      channel_index + 1,
   90   3                      adc_convert(channel_list[channel_index]));                      // 循环输出单次转换结果
   91   3              }
   92   2              system_delay_ms(500);
   93   2      
   94   2              for(channel_index = 0; channel_index < CHANNEL_NUMBER; channel_index ++)
   95   2              {
   96   3                  printf(
   97   3                      "ADC channel %d mean filter convert data is %d.\r\n",
   98   3                      channel_index + 1,
   99   3                      adc_mean_filter_convert(channel_list[channel_index], 10));      // 循环输出 10 次均值滤波
             -转换结果
  100   3              }
  101   2              system_delay_ms(500);
  102   2      
  103   2      
  104   2              // 此处编写需要循环执行的代码
  105   2          }
  106   1      }


Module Information          Static   Overlayable
------------------------------------------------
  code size            =    ------     ------
  ecode size           =       447     ------
  data size            =    ------     ------
  idata size           =    ------     ------
  pdata size           =    ------     ------
  xdata size           =         7     ------
C251 COMPILER V5.60.0,  main                                                               12/03/26  20:08:31  PAGE 3   

  xdata-const size     =    ------     ------
  edata size           =    ------     ------
  bit size             =    ------     ------
  ebit size            =    ------     ------
  bitaddressable size  =    ------     ------
  ebitaddressable size =    ------     ------
  far data size        =    ------     ------
  huge data size       =    ------     ------
  const size           =    ------     ------
  hconst size          =       114     ------
End of Module Information.


C251 COMPILATION COMPLETE.  0 WARNING(S),  0 ERROR(S)
