C251 COMPILER V5.60.0,  Motor                                                              01/04/26  17:07:30  PAGE 1   


C251 COMPILER V5.60.0, COMPILATION OF MODULE Motor
OBJECT MODULE PLACED IN .\out_file\Motor.obj
COMPILER INVOKED BY: D:\Keil5\C251\BIN\C251.EXE ..\code\Motor.c LARGE FLOAT64 ROM(HUGE) WARNINGLEVEL(3) OPTIMIZE(0,SIZE)
                    - BROWSE INCDIR(..\..\libraries\zf_common;..\..\libraries\zf_components;..\..\libraries\zf_device;..\..\libraries\zf_driv
                    -er;..\user;..\code;..\..\libraries\zf_components\stc32g_usb_lib;..\..\libraries\zf_components\seekfree_assistant) DEBUG 
                    -PRINT(.\out_file\Motor.lst) OBJECT(.\out_file\Motor.obj) 

stmt  level    source

    1          
    2          #include "zf_common_headfile.h"
    3          #include "Motor.h"
    4          //Motor para Control Area//
    5          #define MAX_DUTY            ( 50 )                                               // 最大 MAX_DUTY% 占空比
    6          
    7          #define DIR_1               ( IO_P32 ) 
    8          #define PWM_1               ( PWMB_CH4_P34 )
    9                                        
   10          #define DIR_2               ( IO_P81 ) 
   11          #define PWM_2               ( PWMA_CH1P_P10 )
   12                                        
   13          // #define DIR_3               ( IO_P75 )
   14          // #define PWM_3               ( PWMB_CH1_P74 )
   15          
   16          int16 duty = 0;
   17          int8 dir = 1;
   18          
   19          // #define DIR_4               ( IO_P77 )
   20          // #define PWM_4               ( PWMB_CH3_P76 )
   21          
   22          //Motor para Control Area//
   23          void Motor_Init(void)
   24                  {
   25   1      
   26   1              gpio_init(DIR_1, GPO, GPIO_HIGH, GPO_PUSH_PULL);   // GPIO 初始化为输出 默认上拉输出高
   27   1          pwm_init(PWM_1, 17000, 0);                         // PWM 通道初始化频率 17KHz 占空比初始为 0
   28   1      
   29   1          //gpio_init(DIR_2, GPO, GPIO_HIGH, GPO_PUSH_PULL);   // GPIO 初始化为输出 默认上拉输出高
   30   1          //pwm_init(PWMA_CH1P_P10, 17000, 0);                         // PWM 通道初始化频率 17KHz 占空比初始为
             - 0
   31   1      
   32   1          // gpio_init(DIR_3, GPO, GPIO_HIGH, GPO_PUSH_PULL);   // GPIO 初始化为输出 默认上拉输出高
   33   1          // pwm_init(PWM_3, 17000, 0);                         // PWM 通道初始化频率 17KHz 占空比初始为 0
   34   1      
   35   1              }
   36                  
   37          void Motor_L(int16 duty)
   38          {
   39   1          if(duty>9900)
   40   1          {
   41   2              duty=9900;
   42   2          }
   43   1          if(duty<-9900)
   44   1          {
   45   2              duty=-9900;
   46   2          }
   47   1          if(duty>0)
   48   1          {
   49   2              dir = 1;
   50   2              pwm_set_duty(PWM_1,duty);
   51   2          }
   52   1          else
   53   1          {
   54   2              dir = 0;
   55   2              pwm_set_duty(PWM_1,-duty);
C251 COMPILER V5.60.0,  Motor                                                              01/04/26  17:07:30  PAGE 2   

   56   2          }
   57   1      }
   58          //void Motor_R(int16 duty)
   59          //{
   60          //    if(duty>9900)
   61          //    {
   62          //        duty=9900;
   63          //    }
   64          //    if(duty<-9900)
   65          //    {
   66          //        duty=-9900;
   67          //    }
   68          //    if(duty>0)
   69          //    {
   70          //        dir = 1;
   71          //        pwm_set_duty(PWM_2,duty);
   72          //    }
   73          //    else
   74          //    {
   75          //        dir = 0;
   76          //        pwm_set_duty(PWM_2,-duty);
   77          //    }
   78          //}


Module Information          Static   Overlayable
------------------------------------------------
  code size            =    ------     ------
  ecode size           =       163     ------
  data size            =    ------     ------
  idata size           =    ------     ------
  pdata size           =    ------     ------
  xdata size           =         5     ------
  xdata-const size     =    ------     ------
  edata size           =    ------     ------
  bit size             =    ------     ------
  ebit size            =    ------     ------
  bitaddressable size  =    ------     ------
  ebitaddressable size =    ------     ------
  far data size        =    ------     ------
  huge data size       =    ------     ------
  const size           =    ------     ------
  hconst size          =        13     ------
End of Module Information.


C251 COMPILATION COMPLETE.  0 WARNING(S),  0 ERROR(S)
