C251 COMPILER V5.60.0,  PID                                                                01/04/26  17:02:28  PAGE 1   


C251 COMPILER V5.60.0, COMPILATION OF MODULE PID
OBJECT MODULE PLACED IN .\out_file\PID.obj
COMPILER INVOKED BY: D:\Keil5\C251\BIN\C251.EXE ..\code\PID.c LARGE FLOAT64 ROM(HUGE) WARNINGLEVEL(3) OPTIMIZE(0,SIZE) B
                    -ROWSE INCDIR(..\..\libraries\zf_common;..\..\libraries\zf_components;..\..\libraries\zf_device;..\..\libraries\zf_driver
                    -;..\user;..\code;..\..\libraries\zf_components\stc32g_usb_lib;..\..\libraries\zf_components\seekfree_assistant) DEBUG PR
                    -INT(.\out_file\PID.lst) OBJECT(.\out_file\PID.obj) 

stmt  level    source

    1          #include "bsp_system.h"
    2          
    3          
    4          //速度环
    5          int16 err_speed=0;
    6          float out_L=0,out_R=0;
    7          
    8          //方向环
    9          float expect_gyro=0;
   10          float correct_L=0;
   11          //平均速度PI函数//
   12          void loop_speed(void) 
   13          {
   14   1              static int16 err_speed_last=0;
   15   1              static float dec_speed_loop=0;
   16   1              //0-编码器输入更新
   17   1              
   18   1              //1-误差计算
   19   1              err_speed_last = err_speed;
   20   1              err_speed = speed_target - speed_avl;
   21   1              
   22   1              //2-控制
   23   1              dec_speed_loop =  pid_loop_speed.Kp * (err_speed - err_speed_last)
   24   1                                                                              + pid_loop_speed.Ki *  err_speed;
   25   1              
   26   1      
   27   1              //增量
   28   1              if(dec_speed_loop>2000 ){dec_speed_loop=2000; }
   29   1              if(dec_speed_loop<-2000){dec_speed_loop=-2000;}
   30   1              
   31   1              //输出
   32   1              out_L += dec_speed_loop;
   33   1              
   34   1              out_R = out_L;
   35   1              
   36   1        if(out_L>9900 ){out_L=9900; }
   37   1              if(out_L<-9900){out_L=-9900;}
   38   1              if(out_R>9900 ){out_R=9900; }
   39   1              if(out_R<-9900){out_R=-9900;}
   40   1      }
   41          
   42          //速度环差速函数//
   43          void loop_speed_LR(int16 speed_L_t,int16 speed_R_t) 
   44          {
   45   1              static int16 err_speed_L_last=0,err_speed_L=0;
   46   1              static float dec_speed_loop_L=0;
   47   1              static int16 err_speed_R_last=0,err_speed_R=0;
   48   1              static float dec_speed_loop_R=0;
   49   1              
   50   1              
   51   1              //0-编码器输入更新
   52   1              
   53   1              //1-误差计算
   54   1              err_speed_L_last = err_speed_L;
   55   1              err_speed_L = speed_L_t - speed_L;
   56   1              
C251 COMPILER V5.60.0,  PID                                                                01/04/26  17:02:28  PAGE 2   

   57   1              //2-控制
   58   1              dec_speed_loop_L =  pid_loop_speed.Kp * (err_speed_L - err_speed_L_last)
   59   1                                                                                + pid_loop_speed.Ki *  err_speed_L;
   60   1      
   61   1              //增量
   62   1              if(dec_speed_loop_L>3000 ){dec_speed_loop_L=3000; }
   63   1              if(dec_speed_loop_L<-3000){dec_speed_loop_L=-3000;}
   64   1              
   65   1              //输出
   66   1              out_L += dec_speed_loop_L;
   67   1      
   68   1      
   69   1      
   70   1              //0-编码器输入更新
   71   1              
   72   1              //1-误差计算
   73   1              err_speed_R_last = err_speed_R;
   74   1              err_speed_R = speed_R_t - speed_R;
   75   1              
   76   1              //2-控制
   77   1              dec_speed_loop_R =  pid_loop_speed.Kp * (err_speed_R - err_speed_R_last)
   78   1                                                                                + pid_loop_speed.Ki *  err_speed_R;
   79   1      
   80   1              //增量
   81   1              if(dec_speed_loop_R>3000 ){dec_speed_loop_R=3000; }
   82   1              if(dec_speed_loop_R<-3000){dec_speed_loop_R=-3000;}
   83   1              
   84   1              //输出
   85   1              out_R += dec_speed_loop_R;
   86   1              
   87   1        if(out_L>9900 ){out_L=9900; }
   88   1              if(out_L<-9900){out_L=-9900;}
   89   1              if(out_R>9900 ){out_R=9900; }
   90   1              if(out_R<-9900){out_R=-9900;}
   91   1      }
   92          
   93          
   94          
   95          
   96          
   97          
   98          
   99          
  100          
  101          
  102          
  103          
  104          
  105          
  106          
  107          
  108          
  109                  
  110                  //前馈
  111          //      err_feedforward =  17*(direction_err1[0] - direction_err1[1])                                                                                                   //P
  112          //                                                                       + 14*(direction_err1[0] - 2*direction_err1[1] + direction_err1[2]);    //D
  113          //电磁位置->方向环->电机差速
  114          void direction_return(float err_position)
  115          {
  116   1              static float err_feedforward=0, err_gyro,dec=0;
  117   1              static float direction_err1[4]={0}, direction_err2[2]={0};
  118   1              static float expect_gyro_last=0,correct_L_last=0;
  119   1              static float D_err=0;
  120   1              static int flag=0;
  121   1              //1-电磁位置->方向环->角速度期望
  122   1      //      direction_err1[3]=direction_err1[2];
C251 COMPILER V5.60.0,  PID                                                                01/04/26  17:02:28  PAGE 3   

  123   1              direction_err1[2]=direction_err1[1];
  124   1              direction_err1[1]=direction_err1[0];
  125   1              direction_err1[0]=err_position;
  126   1      
  127   1              
  128   1              D_err = direction_err1[0] - direction_err1[1];
  129   1              
  130   1              if(flag==0 &&(D_err>5.3||D_err<-5.3))
  131   1              {
  132   2                      direction_err1[0] = direction_err1[1];
  133   2                      flag=1;
  134   2              }
  135   1              else
  136   1              {
  137   2                      flag=0;
  138   2              }
  139   1              
  140   1              //P D
  141   1              expect_gyro =  pid_motor_run.Kp *  direction_err1[0]            
  142   1                                                               + pid_motor_run.Kd * (direction_err1[0] - direction_err1[1]);    //之后再测direction_err1[3]) 
  143   1      
  144   1              
  145   1              if(expect_gyro>limit_gyro){expect_gyro=limit_gyro;}
  146   1              if(expect_gyro<-limit_gyro){expect_gyro=-limit_gyro;}
  147   1              
  148   1              //2-角速度->角速度环->电机差速(值)
  149   1              err_gyro = expect_gyro - avl_gyro_z;
  150   1              direction_err2[1]=direction_err2[0];
  151   1              direction_err2[0]=err_gyro;
  152   1      
  153   1              correct_L       =  pid_motor_run.Kp_gyro *  direction_err2[0]
  154   1                                                       + pid_motor_run.Kd_gyro * (direction_err2[0] - direction_err2[1]);
  155   1              
  156   1               
  157   1              
  158   1              if(correct_L>10000){correct_L=10000;}
  159   1              if(correct_L<-10000){correct_L=-10000;}
  160   1      
  161   1              correct_L_last = correct_L;
  162   1      
  163   1      }


Module Information          Static   Overlayable
------------------------------------------------
  code size            =    ------     ------
  ecode size           =      1776     ------
  data size            =    ------     ------
  idata size           =    ------     ------
  pdata size           =    ------     ------
  xdata size           =        98     ------
  xdata-const size     =    ------     ------
  edata size           =    ------     ------
  bit size             =    ------     ------
  ebit size            =    ------     ------
  bitaddressable size  =    ------     ------
  ebitaddressable size =    ------     ------
  far data size        =    ------     ------
  huge data size       =    ------     ------
  const size           =    ------     ------
  hconst size          =       191     ------
End of Module Information.


C251 COMPILATION COMPLETE.  0 WARNING(S),  0 ERROR(S)
