C251 COMPILER V5.60.0,  Tracing                                                            01/04/26  17:02:28  PAGE 1   


C251 COMPILER V5.60.0, COMPILATION OF MODULE Tracing
OBJECT MODULE PLACED IN .\out_file\Tracing.obj
COMPILER INVOKED BY: D:\Keil5\C251\BIN\C251.EXE ..\code\Tracing.c LARGE FLOAT64 ROM(HUGE) WARNINGLEVEL(3) OPTIMIZE(0,SIZ
                    -E) BROWSE INCDIR(..\..\libraries\zf_common;..\..\libraries\zf_components;..\..\libraries\zf_device;..\..\libraries\zf_dr
                    -iver;..\user;..\code;..\..\libraries\zf_components\stc32g_usb_lib;..\..\libraries\zf_components\seekfree_assistant) DEBU
                    -G PRINT(.\out_file\Tracing.lst) OBJECT(.\out_file\Tracing.obj) 

stmt  level    source

    1          #include "bsp_system.h"
    2          
    3          
    4          
    5          int16 speed_target = 0;
    6          struct PID pid_loop_speed = {10,3};     
    7          struct PID pid_motor_run;
    8          float limit_gyro = 800;


Module Information          Static   Overlayable
------------------------------------------------
  code size            =    ------     ------
  ecode size           =    ------     ------
  data size            =    ------     ------
  idata size           =    ------     ------
  pdata size           =    ------     ------
  xdata size           =        54     ------
  xdata-const size     =    ------     ------
  edata size           =    ------     ------
  bit size             =    ------     ------
  ebit size            =    ------     ------
  bitaddressable size  =    ------     ------
  ebitaddressable size =    ------     ------
  far data size        =    ------     ------
  huge data size       =    ------     ------
  const size           =    ------     ------
  hconst size          =        45     ------
End of Module Information.


C251 COMPILATION COMPLETE.  0 WARNING(S),  0 ERROR(S)
